==77325== Memcheck, a memory error detector
==77325== Copyright (C) 2002-2017, and GNU GPL'd, by Julian Seward et al.
==77325== Using Valgrind-3.18.1-42b08ed5bd-20211015 and LibVEX; rerun with -h for copyright info
==77325== Command: ls
==77325== Parent PID: 70928
==77325== 
--77325-- 
--77325-- Valgrind options:
--77325--    --error-exitcode=1
--77325--    --leak-check=full
--77325--    --verbose
--77325--    --log-file=test-log.txt
--77325-- Contents of /proc/version:
--77325--   Linux version 6.8.0-48-generic (buildd@lcy02-amd64-040) (x86_64-linux-gnu-gcc-12 (Ubuntu 12.3.0-1ubuntu1~22.04) 12.3.0, GNU ld (GNU Binutils for Ubuntu) 2.38) #48~22.04.1-Ubuntu SMP PREEMPT_DYNAMIC Mon Oct  7 11:24:13 UTC 2
--77325-- 
--77325-- Arch and hwcaps: AMD64, LittleEndian, amd64-cx16-lzcnt-rdtscp-sse3-ssse3-avx-avx2-bmi-f16c-rdrand-rdseed
--77325-- Page sizes: currently 4096, max supported 4096
--77325-- Valgrind library directory: /usr/libexec/valgrind
--77325-- Reading syms from /usr/bin/ls
--77325--    object doesn't have a symbol table
--77325-- Reading syms from /usr/lib/x86_64-linux-gnu/ld-linux-x86-64.so.2
--77325--   Considering /usr/lib/debug/.build-id/41/86944c50f8a32b47d74931e3f512b811813b64.debug ..
--77325--   .. build-id is valid
--77325-- Reading syms from /usr/libexec/valgrind/memcheck-amd64-linux
--77325--    object doesn't have a symbol table
--77325--    object doesn't have a dynamic symbol table
--77325-- Scheduler: using generic scheduler lock implementation.
--77325-- Reading suppressions file: /usr/libexec/valgrind/default.supp
==77325== embedded gdbserver: reading from /tmp/vgdb-pipe-from-vgdb-to-77325-by-ime-on-???
==77325== embedded gdbserver: writing to   /tmp/vgdb-pipe-to-vgdb-from-77325-by-ime-on-???
==77325== embedded gdbserver: shared mem   /tmp/vgdb-pipe-shared-mem-vgdb-77325-by-ime-on-???
==77325== 
==77325== TO CONTROL THIS PROCESS USING vgdb (which you probably
==77325== don't want to do, unless you know exactly what you're doing,
==77325== or are doing some strange experiment):
==77325==   /usr/bin/vgdb --pid=77325 ...command...
==77325== 
==77325== TO DEBUG THIS PROCESS USING GDB: start GDB like this
==77325==   /path/to/gdb ls
==77325== and then give GDB the following command
==77325==   target remote | /usr/bin/vgdb --pid=77325
==77325== --pid is optional if only one valgrind process is running
==77325== 
--77325-- REDIR: 0x402aa40 (ld-linux-x86-64.so.2:strlen) redirected to 0x580bcec2 (???)
--77325-- REDIR: 0x402a810 (ld-linux-x86-64.so.2:index) redirected to 0x580bcedc (???)
--77325-- Reading syms from /usr/libexec/valgrind/vgpreload_core-amd64-linux.so
--77325--    object doesn't have a symbol table
--77325-- Reading syms from /usr/libexec/valgrind/vgpreload_memcheck-amd64-linux.so
--77325--    object doesn't have a symbol table
==77325== WARNING: new redirection conflicts with existing -- ignoring it
--77325--     old: 0x0402aa40 (strlen              ) R-> (0000.0) 0x580bcec2 ???
--77325--     new: 0x0402aa40 (strlen              ) R-> (2007.0) 0x0484ee30 strlen
--77325-- REDIR: 0x4027220 (ld-linux-x86-64.so.2:strcmp) redirected to 0x484fcd0 (strcmp)
--77325-- REDIR: 0x402afa0 (ld-linux-x86-64.so.2:mempcpy) redirected to 0x4853840 (mempcpy)
--77325-- Reading syms from /usr/lib/x86_64-linux-gnu/libselinux.so.1
--77325--    object doesn't have a symbol table
--77325-- Reading syms from /usr/lib/x86_64-linux-gnu/libc.so.6
--77325--   Considering /usr/lib/debug/.build-id/49/0fef8403240c91833978d494d39e537409b92e.debug ..
--77325--   .. build-id is valid
==77325== WARNING: new redirection conflicts with existing -- ignoring it
--77325--     old: 0x0493dc60 (memalign            ) R-> (1011.0) 0x0484e080 memalign
--77325--     new: 0x0493dc60 (memalign            ) R-> (1017.0) 0x0484e050 aligned_alloc
==77325== WARNING: new redirection conflicts with existing -- ignoring it
--77325--     old: 0x0493dc60 (memalign            ) R-> (1011.0) 0x0484e080 memalign
--77325--     new: 0x0493dc60 (memalign            ) R-> (1017.0) 0x0484e020 aligned_alloc
==77325== WARNING: new redirection conflicts with existing -- ignoring it
--77325--     old: 0x0493dc60 (memalign            ) R-> (1011.0) 0x0484e080 memalign
--77325--     new: 0x0493dc60 (memalign            ) R-> (1017.0) 0x0484e050 aligned_alloc
==77325== WARNING: new redirection conflicts with existing -- ignoring it
--77325--     old: 0x0493dc60 (memalign            ) R-> (1011.0) 0x0484e080 memalign
--77325--     new: 0x0493dc60 (memalign            ) R-> (1017.0) 0x0484e020 aligned_alloc
--77325-- Reading syms from /usr/lib/x86_64-linux-gnu/libpcre2-8.so.0.10.4
--77325--    object doesn't have a symbol table
--77325-- REDIR: 0x4940720 (libc.so.6:strnlen) redirected to 0x483f220 (_vgnU_ifunc_wrapper)
--77325-- REDIR: 0x49409e0 (libc.so.6:strpbrk) redirected to 0x483f220 (_vgnU_ifunc_wrapper)
--77325-- REDIR: 0x49402e0 (libc.so.6:strcmp) redirected to 0x483f220 (_vgnU_ifunc_wrapper)
--77325-- REDIR: 0x495ecd0 (libc.so.6:wcsnlen) redirected to 0x483f220 (_vgnU_ifunc_wrapper)
--77325-- REDIR: 0x49416d0 (libc.so.6:memset) redirected to 0x483f220 (_vgnU_ifunc_wrapper)
--77325-- REDIR: 0x495d540 (libc.so.6:wcslen) redirected to 0x483f220 (_vgnU_ifunc_wrapper)
--77325-- REDIR: 0x4941c10 (libc.so.6:memcpy@@GLIBC_2.14) redirected to 0x483f220 (_vgnU_ifunc_wrapper)
--77325-- REDIR: 0x495d370 (libc.so.6:wcschr) redirected to 0x483f220 (_vgnU_ifunc_wrapper)
--77325-- REDIR: 0x4940260 (libc.so.6:index) redirected to 0x483f220 (_vgnU_ifunc_wrapper)
--77325-- REDIR: 0x4940960 (libc.so.6:rindex) redirected to 0x483f220 (_vgnU_ifunc_wrapper)
--77325-- REDIR: 0x49415a0 (libc.so.6:memmove) redirected to 0x483f220 (_vgnU_ifunc_wrapper)
==77325== Preferring higher priority redirection:
--77325--     old: 0x04a387c0 (__memcpy_avx_unalign) R-> (2018.0) 0x04850f90 __memcpy_avx_unaligned_erms
--77325--     new: 0x04a387c0 (__memcpy_avx_unalign) R-> (2018.1) 0x04852880 memmove
--77325-- REDIR: 0x495d3f0 (libc.so.6:wcscmp) redirected to 0x483f220 (_vgnU_ifunc_wrapper)
--77325-- REDIR: 0x49419e0 (libc.so.6:stpncpy) redirected to 0x483f220 (_vgnU_ifunc_wrapper)
--77325-- REDIR: 0x495d9b0 (libc.so.6:wmemchr) redirected to 0x483f220 (_vgnU_ifunc_wrapper)
--77325-- REDIR: 0x4940830 (libc.so.6:strncmp) redirected to 0x483f220 (_vgnU_ifunc_wrapper)
--77325-- REDIR: 0x4941a70 (libc.so.6:strcasecmp) redirected to 0x483f220 (_vgnU_ifunc_wrapper)
--77325-- REDIR: 0x4940420 (libc.so.6:strcspn) redirected to 0x483f220 (_vgnU_ifunc_wrapper)
--77325-- REDIR: 0x495d470 (libc.so.6:wcscpy) redirected to 0x483f220 (_vgnU_ifunc_wrapper)
--77325-- REDIR: 0x49401d0 (libc.so.6:strcat) redirected to 0x483f220 (_vgnU_ifunc_wrapper)
--77325-- REDIR: 0x4941b60 (libc.so.6:strncasecmp_l) redirected to 0x483f220 (_vgnU_ifunc_wrapper)
--77325-- REDIR: 0x4941480 (libc.so.6:bcmp) redirected to 0x483f220 (_vgnU_ifunc_wrapper)
--77325-- REDIR: 0x4949570 (libc.so.6:memrchr) redirected to 0x483f220 (_vgnU_ifunc_wrapper)
--77325-- REDIR: 0x4943010 (libc.so.6:strchrnul) redirected to 0x483f220 (_vgnU_ifunc_wrapper)
--77325-- REDIR: 0x4940390 (libc.so.6:strcpy) redirected to 0x483f220 (_vgnU_ifunc_wrapper)
--77325-- REDIR: 0x4941b10 (libc.so.6:strcasecmp_l) redirected to 0x483f220 (_vgnU_ifunc_wrapper)
--77325-- REDIR: 0x49406a0 (libc.so.6:strlen) redirected to 0x483f220 (_vgnU_ifunc_wrapper)
--77325-- REDIR: 0x49408d0 (libc.so.6:strncpy) redirected to 0x483f220 (_vgnU_ifunc_wrapper)
--77325-- REDIR: 0x4941950 (libc.so.6:stpcpy) redirected to 0x483f220 (_vgnU_ifunc_wrapper)
--77325-- REDIR: 0x49413f0 (libc.so.6:memchr) redirected to 0x483f220 (_vgnU_ifunc_wrapper)
--77325-- REDIR: 0x4940b00 (libc.so.6:strspn) redirected to 0x483f220 (_vgnU_ifunc_wrapper)
--77325-- REDIR: 0x49417d0 (libc.so.6:mempcpy) redirected to 0x483f220 (_vgnU_ifunc_wrapper)
--77325-- REDIR: 0x4941ac0 (libc.so.6:strncasecmp) redirected to 0x483f220 (_vgnU_ifunc_wrapper)
--77325-- REDIR: 0x4942f80 (libc.so.6:rawmemchr) redirected to 0x483f220 (_vgnU_ifunc_wrapper)
--77325-- REDIR: 0x49cc280 (libc.so.6:__memcpy_chk) redirected to 0x483f220 (_vgnU_ifunc_wrapper)
--77325-- REDIR: 0x4941310 (libc.so.6:strstr) redirected to 0x483f220 (_vgnU_ifunc_wrapper)
--77325-- REDIR: 0x4a35610 (libc.so.6:__strrchr_avx2) redirected to 0x484e810 (rindex)
--77325-- REDIR: 0x493d0a0 (libc.so.6:malloc) redirected to 0x4848820 (malloc)
--77325-- REDIR: 0x4940fc0 (libc.so.6:__GI_strstr) redirected to 0x4853ae0 (__strstr_sse2)
--77325-- REDIR: 0x4a312c0 (libc.so.6:__memchr_avx2) redirected to 0x484fd50 (memchr)
--77325-- REDIR: 0x4a387c0 (libc.so.6:__memcpy_avx_unaligned_erms) redirected to 0x4852880 (memmove)
--77325-- REDIR: 0x495c180 (libc.so.6:__strstr_sse2_unaligned) redirected to 0x4853a50 (strstr)
--77325-- REDIR: 0x493d3e0 (libc.so.6:free) redirected to 0x484b210 (free)
--77325-- REDIR: 0x4a30940 (libc.so.6:__strcmp_avx2) redirected to 0x484fbd0 (strcmp)
--77325-- REDIR: 0x4a357e0 (libc.so.6:__strlen_avx2) redirected to 0x484ed10 (strlen)
--77325-- REDIR: 0x4a30d80 (libc.so.6:__strncmp_avx2) redirected to 0x484f3e0 (strncmp)
--77325-- REDIR: 0x493d740 (libc.so.6:realloc) redirected to 0x484dc50 (realloc)
--77325-- REDIR: 0x4a35180 (libc.so.6:__strchr_avx2) redirected to 0x484e9f0 (index)
--77325-- REDIR: 0x4a38780 (libc.so.6:__mempcpy_avx_unaligned_erms) redirected to 0x4853440 (mempcpy)
--77325-- REDIR: 0x4a32144 (libc.so.6:__strcasecmp_l_avx) redirected to 0x484f7e0 (strcasecmp_l)
--77325-- REDIR: 0x4a379a0 (libc.so.6:__stpcpy_avx2) redirected to 0x4852130 (stpcpy)
--77325-- REDIR: 0x4a38f80 (libc.so.6:__memset_avx2_unaligned_erms) redirected to 0x4852770 (memset)
--77325-- REDIR: 0x4a35960 (libc.so.6:__strnlen_avx2) redirected to 0x484ecb0 (strnlen)
==77325== 
==77325== HEAP SUMMARY:
==77325==     in use at exit: 25,802 bytes in 23 blocks
==77325==   total heap usage: 1,080 allocs, 1,057 frees, 131,176 bytes allocated
==77325== 
==77325== Searching for pointers to 23 not-freed blocks
==77325== Checked 130,032 bytes
==77325== 
==77325== LEAK SUMMARY:
==77325==    definitely lost: 0 bytes in 0 blocks
==77325==    indirectly lost: 0 bytes in 0 blocks
==77325==      possibly lost: 0 bytes in 0 blocks
==77325==    still reachable: 25,802 bytes in 23 blocks
==77325==         suppressed: 0 bytes in 0 blocks
==77325== Reachable blocks (those to which a pointer was found) are not shown.
==77325== To see them, rerun with: --leak-check=full --show-leak-kinds=all
==77325== 
==77325== ERROR SUMMARY: 0 errors from 0 contexts (suppressed: 0 from 0)
